::1 - - [27/May/2017:21:33:58 +0200] "GET /phpmyadmin/js/get_scripts.js.php?scripts%5B%5D=server_databases.js&call_done=1&v=4.6.5.2 HTTP/1.1" 200 1657 "-" "Mozilla/5.0 (Windows NT 10.0; Win64; x64) AppleWebKit/537.36 (KHTML, like Gecko) Chrome/58.0.3029.110 Safari/537.36"
::1 - - [27/May/2017:21:33:56 +0200] "POST /phpmyadmin/version_check.php HTTP/1.1" 200 64 "-" "Mozilla/5.0 (Windows NT 10.0; Win64; x64) AppleWebKit/537.36 (KHTML, like Gecko) Chrome/58.0.3029.110 Safari/537.36"
::1 - - [27/May/2017:21:34:03 +0200] "GET /phpmyadmin/db_structure.php?db=&token=8cb2800ed0d33d7fac23acd245b71324&db=phpmyadmin&ajax_request=true&ajax_page_request=true&_nocache=1495913643100182157 HTTP/1.1" 200 8074 "-" "Mozilla/5.0 (Windows NT 10.0; Win64; x64) AppleWebKit/537.36 (KHTML, like Gecko) Chrome/58.0.3029.110 Safari/537.36"
::1 - - [27/May/2017:21:34:03 +0200] "GET /phpmyadmin/js/get_scripts.js.php?scripts%5B%5D=db_structure.js&scripts%5B%5D=tbl_change.js&call_done=1&v=4.6.5.2 HTTP/1.1" 200 10691 "-" "Mozilla/5.0 (Windows NT 10.0; Win64; x64) AppleWebKit/537.36 (KHTML, like Gecko) Chrome/58.0.3029.110 Safari/537.36"
192.168.1.21 - - [27/May/2017:21:34:03 +0200] "GET /wp/ HTTP/1.1" 200 51609 "-" "Mozilla/5.0 (Windows NT 10.0; Win64; x64) AppleWebKit/537.36 (KHTML, like Gecko) Chrome/58.0.3029.110 Safari/537.36"
::1 - - [27/May/2017:21:34:03 +0200] "GET /phpmyadmin/navigation.php?ajax_request=1&lang=en&collation_connection=utf8mb4_unicode_ci&token=8cb2800ed0d33d7fac23acd245b71324&aPath=cm9vdA%3D%3D.cGhwbXlhZG1pbg%3D%3D&vPath=cm9vdA%3D%3D.cGhwbXlhZG1pbg%3D%3D&pos=0&pos2_name=&pos2_value=&searchClause=&searchClause2=&_nocache=1495913643383975156 HTTP/1.1" 200 2652 "-" "Mozilla/5.0 (Windows NT 10.0; Win64; x64) AppleWebKit/537.36 (KHTML, like Gecko) Chrome/58.0.3029.110 Safari/537.36"
::1 - - [27/May/2017:21:34:06 +0200] "GET /phpmyadmin/db_structure.php?db=phpmyadmin&token=8cb2800ed0d33d7fac23acd245b71324&ajax_request=true&ajax_page_request=true&_nocache=1495913646709449720 HTTP/1.1" 200 8074 "-" "Mozilla/5.0 (Windows NT 10.0; Win64; x64) AppleWebKit/537.36 (KHTML, like Gecko) Chrome/58.0.3029.110 Safari/537.36"
192.168.1.21 - - [27/May/2017:21:34:07 +0200] "GET /wp/ HTTP/1.1" 200 51609 "-" "Mozilla/5.0 (Windows NT 10.0; Win64; x64) AppleWebKit/537.36 (KHTML, like Gecko) Chrome/58.0.3029.110 Safari/537.36"
192.168.1.21 - - [27/May/2017:21:34:07 +0200] "GET /favicon.ico HTTP/1.1" 200 30894 "http://192.168.1.49/wp/" "Mozilla/5.0 (Windows NT 10.0; Win64; x64) AppleWebKit/537.36 (KHTML, like Gecko) Chrome/58.0.3029.110 Safari/537.36"
192.168.1.21 - - [27/May/2017:21:34:08 +0200] "GET /wp/ HTTP/1.1" 200 51609 "-" "Mozilla/5.0 (Windows NT 10.0; Win64; x64) AppleWebKit/537.36 (KHTML, like Gecko) Chrome/58.0.3029.110 Safari/537.36"
192.168.1.21 - - [27/May/2017:21:34:08 +0200] "GET /favicon.ico HTTP/1.1" 200 30894 "http://192.168.1.49/wp/" "Mozilla/5.0 (Windows NT 10.0; Win64; x64) AppleWebKit/537.36 (KHTML, like Gecko) Chrome/58.0.3029.110 Safari/537.36"
::1 - - [27/May/2017:21:34:09 +0200] "GET /phpmyadmin/db_structure.php?server=1&db=wp&token=8cb2800ed0d33d7fac23acd245b71324&ajax_request=true&ajax_page_request=true&_nocache=1495913649529879140 HTTP/1.1" 200 7548 "-" "Mozilla/5.0 (Windows NT 10.0; Win64; x64) AppleWebKit/537.36 (KHTML, like Gecko) Chrome/58.0.3029.110 Safari/537.36"
::1 - - [27/May/2017:21:34:09 +0200] "GET /phpmyadmin/navigation.php?ajax_request=1&lang=en&collation_connection=utf8mb4_unicode_ci&token=8cb2800ed0d33d7fac23acd245b71324&aPath=cm9vdA%3D%3D.d3A%3D&vPath=cm9vdA%3D%3D.d3A%3D&pos=0&pos2_name=&pos2_value=&searchClause=&searchClause2=&_nocache=1495913649803292174 HTTP/1.1" 200 2460 "-" "Mozilla/5.0 (Windows NT 10.0; Win64; x64) AppleWebKit/537.36 (KHTML, like Gecko) Chrome/58.0.3029.110 Safari/537.36"
::1 - - [27/May/2017:21:34:10 +0200] "GET /phpmyadmin/sql.php?db=wp&token=8cb2800ed0d33d7fac23acd245b71324&goto=db_structure.php&table=wp_options&pos=0&ajax_request=true&ajax_page_request=true&_nocache=1495913650896836371 HTTP/1.1" 200 9869 "-" "Mozilla/5.0 (Windows NT 10.0; Win64; x64) AppleWebKit/537.36 (KHTML, like Gecko) Chrome/58.0.3029.110 Safari/537.36"
::1 - - [27/May/2017:21:34:11 +0200] "GET /phpmyadmin/themes/pmahomme/img/s_fulltext.png HTTP/1.1" 200 193 "-" "Mozilla/5.0 (Windows NT 10.0; Win64; x64) AppleWebKit/537.36 (KHTML, like Gecko) Chrome/58.0.3029.110 Safari/537.36"
::1 - - [27/May/2017:21:34:11 +0200] "GET /phpmyadmin/js/get_scripts.js.php?scripts%5B%5D=jquery/jquery.uitablefilter.js&scripts%5B%5D=gis_data_editor.js&scripts%5B%5D=multi_column_sort.js&scripts%5B%5D=makegrid.js&scripts%5B%5D=sql.js&call_done=1&v=4.6.5.2 HTTP/1.1" 200 31319 "-" "Mozilla/5.0 (Windows NT 10.0; Win64; x64) AppleWebKit/537.36 (KHTML, like Gecko) Chrome/58.0.3029.110 Safari/537.36"
::1 - - [27/May/2017:21:34:11 +0200] "GET /phpmyadmin/themes/pmahomme/img/col_pointer.png HTTP/1.1" 200 113 "-" "Mozilla/5.0 (Windows NT 10.0; Win64; x64) AppleWebKit/537.36 (KHTML, like Gecko) Chrome/58.0.3029.110 Safari/537.36"
::1 - - [27/May/2017:21:34:11 +0200] "GET /phpmyadmin/themes/pmahomme/img/col_drop.png HTTP/1.1" 200 132 "-" "Mozilla/5.0 (Windows NT 10.0; Win64; x64) AppleWebKit/537.36 (KHTML, like Gecko) Chrome/58.0.3029.110 Safari/537.36"
::1 - - [27/May/2017:21:34:11 +0200] "GET /phpmyadmin/index.php?ajax_request=1&recent_table=1&token=8cb2800ed0d33d7fac23acd245b71324&no_debug=true&_nocache=1495913651254808818 HTTP/1.1" 200 1398 "-" "Mozilla/5.0 (Windows NT 10.0; Win64; x64) AppleWebKit/537.36 (KHTML, like Gecko) Chrome/58.0.3029.110 Safari/537.36"
::1 - - [27/May/2017:21:34:28 +0200] "POST /phpmyadmin/tbl_replace.php HTTP/1.1" 200 1936 "-" "Mozilla/5.0 (Windows NT 10.0; Win64; x64) AppleWebKit/537.36 (KHTML, like Gecko) Chrome/58.0.3029.110 Safari/537.36"
::1 - - [27/May/2017:21:34:33 +0200] "GET /wp/ HTTP/1.1" 200 51654 "-" "Mozilla/5.0 (Windows NT 10.0; Win64; x64) AppleWebKit/537.36 (KHTML, like Gecko) Chrome/58.0.3029.110 Safari/537.36"
192.168.1.49 - - [27/May/2017:21:34:33 +0200] "GET /wp/wp-includes/js/jquery/jquery.js?ver=1.12.4 HTTP/1.1" 200 97184 "http://localhost/wp/" "Mozilla/5.0 (Windows NT 10.0; Win64; x64) AppleWebKit/537.36 (KHTML, like Gecko) Chrome/58.0.3029.110 Safari/537.36"
192.168.1.49 - - [27/May/2017:21:34:33 +0200] "GET /wp/wp-content/themes/twentyseventeen/style.css?ver=4.7.5 HTTP/1.1" 200 81868 "http://localhost/wp/" "Mozilla/5.0 (Windows NT 10.0; Win64; x64) AppleWebKit/537.36 (KHTML, like Gecko) Chrome/58.0.3029.110 Safari/537.36"
192.168.1.49 - - [27/May/2017:21:34:33 +0200] "GET /wp/wp-includes/js/jquery/jquery-migrate.min.js?ver=1.4.1 HTTP/1.1" 200 10056 "http://localhost/wp/" "Mozilla/5.0 (Windows NT 10.0; Win64; x64) AppleWebKit/537.36 (KHTML, like Gecko) Chrome/58.0.3029.110 Safari/537.36"
192.168.1.49 - - [27/May/2017:21:34:33 +0200] "GET /wp/wp-content/themes/twentyseventeen/assets/js/skip-link-focus-fix.js?ver=1.0 HTTP/1.1" 200 683 "http://localhost/wp/" "Mozilla/5.0 (Windows NT 10.0; Win64; x64) AppleWebKit/537.36 (KHTML, like Gecko) Chrome/58.0.3029.110 Safari/537.36"
192.168.1.49 - - [27/May/2017:21:34:33 +0200] "GET /wp/wp-content/themes/twentyseventeen/assets/js/global.js?ver=1.0 HTTP/1.1" 200 7682 "http://localhost/wp/" "Mozilla/5.0 (Windows NT 10.0; Win64; x64) AppleWebKit/537.36 (KHTML, like Gecko) Chrome/58.0.3029.110 Safari/537.36"
192.168.1.49 - - [27/May/2017:21:34:33 +0200] "GET /wp/wp-content/themes/twentyseventeen/assets/js/jquery.scrollTo.js?ver=2.1.2 HTTP/1.1" 200 5836 "http://localhost/wp/" "Mozilla/5.0 (Windows NT 10.0; Win64; x64) AppleWebKit/537.36 (KHTML, like Gecko) Chrome/58.0.3029.110 Safari/537.36"
192.168.1.49 - - [27/May/2017:21:34:33 +0200] "GET /wp/wp-includes/js/wp-embed.min.js?ver=4.7.5 HTTP/1.1" 200 1398 "http://localhost/wp/" "Mozilla/5.0 (Windows NT 10.0; Win64; x64) AppleWebKit/537.36 (KHTML, like Gecko) Chrome/58.0.3029.110 Safari/537.36"
192.168.1.49 - - [27/May/2017:21:34:33 +0200] "GET /wp/wp-content/themes/twentyseventeen/assets/images/header.jpg HTTP/1.1" 200 114854 "http://localhost/wp/" "Mozilla/5.0 (Windows NT 10.0; Win64; x64) AppleWebKit/537.36 (KHTML, like Gecko) Chrome/58.0.3029.110 Safari/537.36"
192.168.1.49 - - [27/May/2017:21:34:33 +0200] "GET /wp/wp-includes/js/wp-emoji-release.min.js?ver=4.7.5 HTTP/1.1" 200 11414 "http://localhost/wp/" "Mozilla/5.0 (Windows NT 10.0; Win64; x64) AppleWebKit/537.36 (KHTML, like Gecko) Chrome/58.0.3029.110 Safari/537.36"
192.168.1.21 - - [27/May/2017:21:34:47 +0200] "GET / HTTP/1.1" 302 - "-" "Mozilla/5.0 (Windows NT 10.0; Win64; x64) AppleWebKit/537.36 (KHTML, like Gecko) Chrome/58.0.3029.110 Safari/537.36"
192.168.1.21 - - [27/May/2017:21:34:50 +0200] "GET /wp/ HTTP/1.1" 200 51654 "-" "Mozilla/5.0 (Windows NT 10.0; Win64; x64) AppleWebKit/537.36 (KHTML, like Gecko) Chrome/58.0.3029.110 Safari/537.36"
192.168.1.21 - - [27/May/2017:21:34:50 +0200] "GET /wp/wp-content/themes/twentyseventeen/style.css?ver=4.7.5 HTTP/1.1" 200 81868 "http://dutton-pc/wp/" "Mozilla/5.0 (Windows NT 10.0; Win64; x64) AppleWebKit/537.36 (KHTML, like Gecko) Chrome/58.0.3029.110 Safari/537.36"
192.168.1.21 - - [27/May/2017:21:34:50 +0200] "GET /wp/wp-includes/js/jquery/jquery-migrate.min.js?ver=1.4.1 HTTP/1.1" 200 10056 "http://dutton-pc/wp/" "Mozilla/5.0 (Windows NT 10.0; Win64; x64) AppleWebKit/537.36 (KHTML, like Gecko) Chrome/58.0.3029.110 Safari/537.36"
192.168.1.21 - - [27/May/2017:21:34:50 +0200] "GET /wp/wp-includes/js/jquery/jquery.js?ver=1.12.4 HTTP/1.1" 200 97184 "http://dutton-pc/wp/" "Mozilla/5.0 (Windows NT 10.0; Win64; x64) AppleWebKit/537.36 (KHTML, like Gecko) Chrome/58.0.3029.110 Safari/537.36"
192.168.1.21 - - [27/May/2017:21:34:50 +0200] "GET /wp/wp-content/themes/twentyseventeen/assets/js/skip-link-focus-fix.js?ver=1.0 HTTP/1.1" 200 683 "http://dutton-pc/wp/" "Mozilla/5.0 (Windows NT 10.0; Win64; x64) AppleWebKit/537.36 (KHTML, like Gecko) Chrome/58.0.3029.110 Safari/537.36"
192.168.1.21 - - [27/May/2017:21:34:50 +0200] "GET /wp/wp-content/themes/twentyseventeen/assets/js/global.js?ver=1.0 HTTP/1.1" 200 7682 "http://dutton-pc/wp/" "Mozilla/5.0 (Windows NT 10.0; Win64; x64) AppleWebKit/537.36 (KHTML, like Gecko) Chrome/58.0.3029.110 Safari/537.36"
192.168.1.21 - - [27/May/2017:21:34:50 +0200] "GET /wp/wp-content/themes/twentyseventeen/assets/js/jquery.scrollTo.js?ver=2.1.2 HTTP/1.1" 200 5836 "http://dutton-pc/wp/" "Mozilla/5.0 (Windows NT 10.0; Win64; x64) AppleWebKit/537.36 (KHTML, like Gecko) Chrome/58.0.3029.110 Safari/537.36"
192.168.1.21 - - [27/May/2017:21:34:50 +0200] "GET /wp/wp-includes/js/wp-embed.min.js?ver=4.7.5 HTTP/1.1" 200 1398 "http://dutton-pc/wp/" "Mozilla/5.0 (Windows NT 10.0; Win64; x64) AppleWebKit/537.36 (KHTML, like Gecko) Chrome/58.0.3029.110 Safari/537.36"
192.168.1.21 - - [27/May/2017:21:34:50 +0200] "GET /wp/wp-content/themes/twentyseventeen/assets/images/header.jpg HTTP/1.1" 200 114854 "http://dutton-pc/wp/" "Mozilla/5.0 (Windows NT 10.0; Win64; x64) AppleWebKit/537.36 (KHTML, like Gecko) Chrome/58.0.3029.110 Safari/537.36"
192.168.1.21 - - [27/May/2017:21:34:50 +0200] "GET /wp/wp-includes/js/wp-emoji-release.min.js?ver=4.7.5 HTTP/1.1" 200 11414 "http://dutton-pc/wp/" "Mozilla/5.0 (Windows NT 10.0; Win64; x64) AppleWebKit/537.36 (KHTML, like Gecko) Chrome/58.0.3029.110 Safari/537.36"
192.168.1.21 - - [27/May/2017:21:35:03 +0200] "GET /wp/wp-admin HTTP/1.1" 301 334 "-" "Mozilla/5.0 (Windows NT 10.0; Win64; x64) AppleWebKit/537.36 (KHTML, like Gecko) Chrome/58.0.3029.110 Safari/537.36"
192.168.1.21 - - [27/May/2017:21:35:03 +0200] "GET /wp-admin/ HTTP/1.1" 404 1054 "-" "Mozilla/5.0 (Windows NT 10.0; Win64; x64) AppleWebKit/537.36 (KHTML, like Gecko) Chrome/58.0.3029.110 Safari/537.36"
192.168.1.21 - - [27/May/2017:21:35:10 +0200] "GET /wp/ HTTP/1.1" 200 51654 "-" "Mozilla/5.0 (Windows NT 10.0; Win64; x64) AppleWebKit/537.36 (KHTML, like Gecko) Chrome/58.0.3029.110 Safari/537.36"
192.168.1.21 - - [27/May/2017:21:35:14 +0200] "GET /wp-admin/ HTTP/1.1" 404 1054 "-" "Mozilla/5.0 (Windows NT 10.0; Win64; x64) AppleWebKit/537.36 (KHTML, like Gecko) Chrome/58.0.3029.110 Safari/537.36"
192.168.1.21 - - [27/May/2017:21:35:17 +0200] "GET /wp/ HTTP/1.1" 200 51654 "-" "Mozilla/5.0 (Windows NT 10.0; Win64; x64) AppleWebKit/537.36 (KHTML, like Gecko) Chrome/58.0.3029.110 Safari/537.36"
::1 - - [27/May/2017:21:35:30 +0200] "GET /wp/wp-admin HTTP/1.1" 301 334 "-" "Mozilla/5.0 (Windows NT 10.0; Win64; x64) AppleWebKit/537.36 (KHTML, like Gecko) Chrome/58.0.3029.110 Safari/537.36"
::1 - - [27/May/2017:21:35:30 +0200] "GET /wp-admin/ HTTP/1.1" 404 1054 "-" "Mozilla/5.0 (Windows NT 10.0; Win64; x64) AppleWebKit/537.36 (KHTML, like Gecko) Chrome/58.0.3029.110 Safari/537.36"
::1 - - [27/May/2017:21:35:50 +0200] "GET /wp/wp-admin/ HTTP/1.1" 302 - "-" "Mozilla/5.0 (Windows NT 10.0; Win64; x64) AppleWebKit/537.36 (KHTML, like Gecko) Chrome/58.0.3029.110 Safari/537.36"
192.168.1.49 - - [27/May/2017:21:35:50 +0200] "GET /wp/wp-login.php?redirect_to=http%3A%2F%2Flocalhost%2Fwp%2Fwp-admin%2F&reauth=1 HTTP/1.1" 200 2230 "-" "Mozilla/5.0 (Windows NT 10.0; Win64; x64) AppleWebKit/537.36 (KHTML, like Gecko) Chrome/58.0.3029.110 Safari/537.36"
192.168.1.49 - - [27/May/2017:21:35:50 +0200] "GET /wp/wp-admin/load-styles.php?c=1&dir=ltr&load%5B%5D=dashicons,buttons,forms,l10n,login&ver=4.7.5 HTTP/1.1" 200 38624 "http://192.168.1.49/wp/wp-login.php?redirect_to=http%3A%2F%2Flocalhost%2Fwp%2Fwp-admin%2F&reauth=1" "Mozilla/5.0 (Windows NT 10.0; Win64; x64) AppleWebKit/537.36 (KHTML, like Gecko) Chrome/58.0.3029.110 Safari/537.36"
192.168.1.49 - - [27/May/2017:21:35:50 +0200] "GET /wp/wp-admin/images/wordpress-logo.svg?ver=20131107 HTTP/1.1" 200 1521 "http://192.168.1.49/wp/wp-admin/load-styles.php?c=1&dir=ltr&load%5B%5D=dashicons,buttons,forms,l10n,login&ver=4.7.5" "Mozilla/5.0 (Windows NT 10.0; Win64; x64) AppleWebKit/537.36 (KHTML, like Gecko) Chrome/58.0.3029.110 Safari/537.36"
192.168.1.49 - - [27/May/2017:21:35:50 +0200] "GET /favicon.ico HTTP/1.1" 200 30894 "http://192.168.1.49/wp/wp-login.php?redirect_to=http%3A%2F%2Flocalhost%2Fwp%2Fwp-admin%2F&reauth=1" "Mozilla/5.0 (Windows NT 10.0; Win64; x64) AppleWebKit/537.36 (KHTML, like Gecko) Chrome/58.0.3029.110 Safari/537.36"
192.168.1.21 - - [27/May/2017:21:36:01 +0200] "GET /wp-admin/ HTTP/1.1" 404 1054 "-" "Mozilla/5.0 (Windows NT 10.0; Win64; x64) AppleWebKit/537.36 (KHTML, like Gecko) Chrome/58.0.3029.110 Safari/537.36"
192.168.1.21 - - [27/May/2017:21:36:13 +0200] "GET /wp-admin/ HTTP/1.1" 404 1054 "-" "Mozilla/5.0 (Windows NT 10.0; Win64; x64) AppleWebKit/537.36 (KHTML, like Gecko) Chrome/58.0.3029.110 Safari/537.36"
192.168.1.21 - - [27/May/2017:21:36:18 +0200] "GET /wp/ HTTP/1.1" 200 51654 "-" "Mozilla/5.0 (Windows NT 10.0; Win64; x64) AppleWebKit/537.36 (KHTML, like Gecko) Chrome/58.0.3029.110 Safari/537.36"
192.168.1.21 - - [27/May/2017:21:36:33 +0200] "GET /wp/wp-admin HTTP/1.1" 301 340 "-" "Mozilla/5.0 (Windows NT 10.0; Win64; x64) AppleWebKit/537.36 (KHTML, like Gecko) Chrome/58.0.3029.110 Safari/537.36"
192.168.1.21 - - [27/May/2017:21:36:33 +0200] "GET /wp-admin/ HTTP/1.1" 404 1057 "-" "Mozilla/5.0 (Windows NT 10.0; Win64; x64) AppleWebKit/537.36 (KHTML, like Gecko) Chrome/58.0.3029.110 Safari/537.36"
192.168.1.21 - - [27/May/2017:21:36:37 +0200] "GET /wp/ HTTP/1.1" 200 51604 "-" "Mozilla/5.0 (Windows NT 10.0; Win64; x64) AppleWebKit/537.36 (KHTML, like Gecko) Chrome/58.0.3029.110 Safari/537.36"
::1 - - [27/May/2017:21:36:46 +0200] "GET /wp/wp-admin/ HTTP/1.1" 302 - "-" "Mozilla/5.0 (Windows NT 10.0; Win64; x64) AppleWebKit/537.36 (KHTML, like Gecko) Chrome/58.0.3029.110 Safari/537.36"
192.168.1.49 - - [27/May/2017:21:36:46 +0200] "GET /wp/wp-login.php?redirect_to=http%3A%2F%2Flocalhost%2Fwp%2Fwp-admin%2F&reauth=1 HTTP/1.1" 200 2230 "-" "Mozilla/5.0 (Windows NT 10.0; Win64; x64) AppleWebKit/537.36 (KHTML, like Gecko) Chrome/58.0.3029.110 Safari/537.36"
192.168.1.21 - - [27/May/2017:21:37:06 +0200] "GET /wp/wp-admin HTTP/1.1" 301 334 "-" "Mozilla/5.0 (Windows NT 10.0; Win64; x64) AppleWebKit/537.36 (KHTML, like Gecko) Chrome/58.0.3029.110 Safari/537.36"
192.168.1.21 - - [27/May/2017:21:37:06 +0200] "GET /wp-admin/ HTTP/1.1" 404 1054 "-" "Mozilla/5.0 (Windows NT 10.0; Win64; x64) AppleWebKit/537.36 (KHTML, like Gecko) Chrome/58.0.3029.110 Safari/537.36"
192.168.1.21 - - [27/May/2017:21:37:09 +0200] "GET /wp HTTP/1.1" 301 328 "-" "Mozilla/5.0 (Windows NT 10.0; Win64; x64) AppleWebKit/537.36 (KHTML, like Gecko) Chrome/58.0.3029.110 Safari/537.36"
192.168.1.21 - - [27/May/2017:21:37:09 +0200] "GET /wp/ HTTP/1.1" 200 51654 "-" "Mozilla/5.0 (Windows NT 10.0; Win64; x64) AppleWebKit/537.36 (KHTML, like Gecko) Chrome/58.0.3029.110 Safari/537.36"
192.168.1.21 - - [27/May/2017:21:37:09 +0200] "GET /wp/wp-content/themes/twentyseventeen/style.css?ver=4.7.5 HTTP/1.1" 200 81868 "http://dutton-pc/wp/" "Mozilla/5.0 (Windows NT 10.0; Win64; x64) AppleWebKit/537.36 (KHTML, like Gecko) Chrome/58.0.3029.110 Safari/537.36"
192.168.1.21 - - [27/May/2017:21:37:09 +0200] "GET /wp/wp-includes/js/jquery/jquery.js?ver=1.12.4 HTTP/1.1" 200 97184 "http://dutton-pc/wp/" "Mozilla/5.0 (Windows NT 10.0; Win64; x64) AppleWebKit/537.36 (KHTML, like Gecko) Chrome/58.0.3029.110 Safari/537.36"
192.168.1.21 - - [27/May/2017:21:37:09 +0200] "GET /wp/wp-includes/js/jquery/jquery-migrate.min.js?ver=1.4.1 HTTP/1.1" 200 10056 "http://dutton-pc/wp/" "Mozilla/5.0 (Windows NT 10.0; Win64; x64) AppleWebKit/537.36 (KHTML, like Gecko) Chrome/58.0.3029.110 Safari/537.36"
192.168.1.21 - - [27/May/2017:21:37:09 +0200] "GET /wp/wp-content/themes/twentyseventeen/assets/js/skip-link-focus-fix.js?ver=1.0 HTTP/1.1" 200 683 "http://dutton-pc/wp/" "Mozilla/5.0 (Windows NT 10.0; Win64; x64) AppleWebKit/537.36 (KHTML, like Gecko) Chrome/58.0.3029.110 Safari/537.36"
192.168.1.21 - - [27/May/2017:21:37:09 +0200] "GET /wp/wp-content/themes/twentyseventeen/assets/js/global.js?ver=1.0 HTTP/1.1" 200 7682 "http://dutton-pc/wp/" "Mozilla/5.0 (Windows NT 10.0; Win64; x64) AppleWebKit/537.36 (KHTML, like Gecko) Chrome/58.0.3029.110 Safari/537.36"
192.168.1.21 - - [27/May/2017:21:37:09 +0200] "GET /wp/wp-content/themes/twentyseventeen/assets/js/jquery.scrollTo.js?ver=2.1.2 HTTP/1.1" 200 5836 "http://dutton-pc/wp/" "Mozilla/5.0 (Windows NT 10.0; Win64; x64) AppleWebKit/537.36 (KHTML, like Gecko) Chrome/58.0.3029.110 Safari/537.36"
192.168.1.21 - - [27/May/2017:21:37:09 +0200] "GET /wp/wp-includes/js/wp-embed.min.js?ver=4.7.5 HTTP/1.1" 200 1398 "http://dutton-pc/wp/" "Mozilla/5.0 (Windows NT 10.0; Win64; x64) AppleWebKit/537.36 (KHTML, like Gecko) Chrome/58.0.3029.110 Safari/537.36"
192.168.1.21 - - [27/May/2017:21:37:09 +0200] "GET /wp/wp-content/themes/twentyseventeen/assets/images/header.jpg HTTP/1.1" 200 114854 "http://dutton-pc/wp/" "Mozilla/5.0 (Windows NT 10.0; Win64; x64) AppleWebKit/537.36 (KHTML, like Gecko) Chrome/58.0.3029.110 Safari/537.36"
192.168.1.21 - - [27/May/2017:21:37:09 +0200] "GET /wp/wp-includes/js/wp-emoji-release.min.js?ver=4.7.5 HTTP/1.1" 200 11414 "http://dutton-pc/wp/" "Mozilla/5.0 (Windows NT 10.0; Win64; x64) AppleWebKit/537.36 (KHTML, like Gecko) Chrome/58.0.3029.110 Safari/537.36"
192.168.1.21 - - [27/May/2017:21:37:20 +0200] "GET /wp/wplogin.php HTTP/1.1" 404 1054 "-" "Mozilla/5.0 (Windows NT 10.0; Win64; x64) AppleWebKit/537.36 (KHTML, like Gecko) Chrome/58.0.3029.110 Safari/537.36"
192.168.1.21 - - [27/May/2017:21:37:24 +0200] "GET /wp/wp-login.php HTTP/1.1" 200 2233 "-" "Mozilla/5.0 (Windows NT 10.0; Win64; x64) AppleWebKit/537.36 (KHTML, like Gecko) Chrome/58.0.3029.110 Safari/537.36"
192.168.1.21 - - [27/May/2017:21:37:24 +0200] "GET /wp/wp-admin/load-styles.php?c=1&dir=ltr&load%5B%5D=dashicons,buttons,forms,l10n,login&ver=4.7.5 HTTP/1.1" 200 38624 "http://dutton-pc/wp/wp-login.php" "Mozilla/5.0 (Windows NT 10.0; Win64; x64) AppleWebKit/537.36 (KHTML, like Gecko) Chrome/58.0.3029.110 Safari/537.36"
192.168.1.21 - - [27/May/2017:21:37:25 +0200] "GET /wp/wp-admin/images/wordpress-logo.svg?ver=20131107 HTTP/1.1" 200 1521 "http://192.168.1.49/wp/wp-admin/load-styles.php?c=1&dir=ltr&load%5B%5D=dashicons,buttons,forms,l10n,login&ver=4.7.5" "Mozilla/5.0 (Windows NT 10.0; Win64; x64) AppleWebKit/537.36 (KHTML, like Gecko) Chrome/58.0.3029.110 Safari/537.36"
192.168.1.49 - - [27/May/2017:21:37:33 +0200] "POST /wp/wp-login.php HTTP/1.1" 200 3227 "http://192.168.1.49/wp/wp-login.php?redirect_to=http%3A%2F%2Flocalhost%2Fwp%2Fwp-admin%2F&reauth=1" "Mozilla/5.0 (Windows NT 10.0; Win64; x64) AppleWebKit/537.36 (KHTML, like Gecko) Chrome/58.0.3029.110 Safari/537.36"
192.168.1.49 - - [27/May/2017:21:37:38 +0200] "POST /wp/wp-login.php HTTP/1.1" 302 - "http://192.168.1.49/wp/wp-login.php" "Mozilla/5.0 (Windows NT 10.0; Win64; x64) AppleWebKit/537.36 (KHTML, like Gecko) Chrome/58.0.3029.110 Safari/537.36"
::1 - - [27/May/2017:21:37:38 +0200] "GET /wp/wp-admin/ HTTP/1.1" 302 - "http://192.168.1.49/wp/wp-login.php" "Mozilla/5.0 (Windows NT 10.0; Win64; x64) AppleWebKit/537.36 (KHTML, like Gecko) Chrome/58.0.3029.110 Safari/537.36"
192.168.1.49 - - [27/May/2017:21:37:39 +0200] "GET /wp/wp-login.php?redirect_to=http%3A%2F%2Flocalhost%2Fwp%2Fwp-admin%2F&reauth=1 HTTP/1.1" 200 2249 "http://192.168.1.49/wp/wp-login.php" "Mozilla/5.0 (Windows NT 10.0; Win64; x64) AppleWebKit/537.36 (KHTML, like Gecko) Chrome/58.0.3029.110 Safari/537.36"
192.168.1.49 - - [27/May/2017:21:37:45 +0200] "POST /wp/wp-login.php HTTP/1.1" 302 - "http://192.168.1.49/wp/wp-login.php?redirect_to=http%3A%2F%2Flocalhost%2Fwp%2Fwp-admin%2F&reauth=1" "Mozilla/5.0 (Windows NT 10.0; Win64; x64) AppleWebKit/537.36 (KHTML, like Gecko) Chrome/58.0.3029.110 Safari/537.36"
::1 - - [27/May/2017:21:37:45 +0200] "GET /wp/wp-admin/ HTTP/1.1" 302 - "http://192.168.1.49/wp/wp-login.php?redirect_to=http%3A%2F%2Flocalhost%2Fwp%2Fwp-admin%2F&reauth=1" "Mozilla/5.0 (Windows NT 10.0; Win64; x64) AppleWebKit/537.36 (KHTML, like Gecko) Chrome/58.0.3029.110 Safari/537.36"
192.168.1.49 - - [27/May/2017:21:37:46 +0200] "GET /wp/wp-login.php?redirect_to=http%3A%2F%2Flocalhost%2Fwp%2Fwp-admin%2F&reauth=1 HTTP/1.1" 200 2249 "http://192.168.1.49/wp/wp-login.php?redirect_to=http%3A%2F%2Flocalhost%2Fwp%2Fwp-admin%2F&reauth=1" "Mozilla/5.0 (Windows NT 10.0; Win64; x64) AppleWebKit/537.36 (KHTML, like Gecko) Chrome/58.0.3029.110 Safari/537.36"
192.168.1.49 - - [27/May/2017:21:37:51 +0200] "GET /wp/ HTTP/1.1" 200 51604 "-" "Mozilla/5.0 (Windows NT 10.0; Win64; x64) AppleWebKit/537.36 (KHTML, like Gecko) Chrome/58.0.3029.110 Safari/537.36"
192.168.1.49 - - [27/May/2017:21:37:57 +0200] "GET /wp/wp-admin HTTP/1.1" 301 340 "-" "Mozilla/5.0 (Windows NT 10.0; Win64; x64) AppleWebKit/537.36 (KHTML, like Gecko) Chrome/58.0.3029.110 Safari/537.36"
192.168.1.49 - - [27/May/2017:21:37:57 +0200] "GET /wp-admin/ HTTP/1.1" 404 1057 "-" "Mozilla/5.0 (Windows NT 10.0; Win64; x64) AppleWebKit/537.36 (KHTML, like Gecko) Chrome/58.0.3029.110 Safari/537.36"
192.168.1.49 - - [27/May/2017:21:38:00 +0200] "GET /wp/wp-admin/ HTTP/1.1" 302 - "-" "Mozilla/5.0 (Windows NT 10.0; Win64; x64) AppleWebKit/537.36 (KHTML, like Gecko) Chrome/58.0.3029.110 Safari/537.36"
192.168.1.49 - - [27/May/2017:21:38:00 +0200] "GET /wp/wp-login.php?redirect_to=http%3A%2F%2F192.168.1.49%2Fwp%2Fwp-admin%2F&reauth=1 HTTP/1.1" 200 2233 "-" "Mozilla/5.0 (Windows NT 10.0; Win64; x64) AppleWebKit/537.36 (KHTML, like Gecko) Chrome/58.0.3029.110 Safari/537.36"
192.168.1.49 - - [27/May/2017:21:38:09 +0200] "POST /wp/wp-login.php HTTP/1.1" 302 - "http://192.168.1.49/wp/wp-login.php?redirect_to=http%3A%2F%2F192.168.1.49%2Fwp%2Fwp-admin%2F&reauth=1" "Mozilla/5.0 (Windows NT 10.0; Win64; x64) AppleWebKit/537.36 (KHTML, like Gecko) Chrome/58.0.3029.110 Safari/537.36"
192.168.1.49 - - [27/May/2017:21:38:10 +0200] "GET /wp/wp-includes/js/thickbox/thickbox.css?ver=4.7.5 HTTP/1.1" 200 2655 "http://192.168.1.49/wp/wp-admin/" "Mozilla/5.0 (Windows NT 10.0; Win64; x64) AppleWebKit/537.36 (KHTML, like Gecko) Chrome/58.0.3029.110 Safari/537.36"
192.168.1.49 - - [27/May/2017:21:38:10 +0200] "GET /wp/wp-admin/load-scripts.php?c=1&load%5B%5D=jquery-core,jquery-migrate,utils&ver=4.7.5 HTTP/1.1" 200 41526 "http://192.168.1.49/wp/wp-admin/" "Mozilla/5.0 (Windows NT 10.0; Win64; x64) AppleWebKit/537.36 (KHTML, like Gecko) Chrome/58.0.3029.110 Safari/537.36"
192.168.1.49 - - [27/May/2017:21:38:10 +0200] "GET /wp/wp-admin/load-styles.php?c=1&dir=ltr&load%5B%5D=dashicons,admin-bar,common,forms,admin-menu,dashboard,list-tables,edit,revisions,media,themes,about,nav-menus,widgets,site-icon,&load%5B%5D=l10n,buttons,wp-auth-check&ver=4.7.5 HTTP/1.1" 200 91991 "http://192.168.1.49/wp/wp-admin/" "Mozilla/5.0 (Windows NT 10.0; Win64; x64) AppleWebKit/537.36 (KHTML, like Gecko) Chrome/58.0.3029.110 Safari/537.36"
192.168.1.49 - - [27/May/2017:21:38:09 +0200] "GET /wp/wp-admin/ HTTP/1.1" 200 51553 "http://192.168.1.49/wp/wp-login.php?redirect_to=http%3A%2F%2F192.168.1.49%2Fwp%2Fwp-admin%2F&reauth=1" "Mozilla/5.0 (Windows NT 10.0; Win64; x64) AppleWebKit/537.36 (KHTML, like Gecko) Chrome/58.0.3029.110 Safari/537.36"
192.168.1.49 - - [27/May/2017:21:38:10 +0200] "GET /wp/wp-includes/css/editor.min.css?ver=4.7.5 HTTP/1.1" 200 28111 "http://192.168.1.49/wp/wp-admin/" "Mozilla/5.0 (Windows NT 10.0; Win64; x64) AppleWebKit/537.36 (KHTML, like Gecko) Chrome/58.0.3029.110 Safari/537.36"
192.168.1.49 - - [27/May/2017:21:38:10 +0200] "GET /wp/wp-admin/load-scripts.php?c=1&load%5B%5D=hoverIntent,common,admin-bar,wp-ajax-response,jquery-color,wp-lists,quicktags,jquery-query,admin-comments,jquery-ui-core,jquery-&load%5B%5D=ui-widget,jquery-ui-mouse,jquery-ui-sortable,postbox,dashboard,underscore,customize-base,customize-loader,thickbox,plugin-instal&load%5B%5D=l,wp-util,wp-a11y,updates,shortcode,media-upload,svg-painter,heartbeat,wp-auth-check,wplink,jquery-ui-position,jquery-ui-menu,jq&load%5B%5D=uery-ui-autocomplete&ver=4.7.5 HTTP/1.1" 200 80196 "http://192.168.1.49/wp/wp-admin/" "Mozilla/5.0 (Windows NT 10.0; Win64; x64) AppleWebKit/537.36 (KHTML, like Gecko) Chrome/58.0.3029.110 Safari/537.36"
192.168.1.49 - - [27/May/2017:21:38:10 +0200] "GET /wp/wp-includes/js/thickbox/loadingAnimation.gif HTTP/1.1" 200 15238 "http://192.168.1.49/wp/wp-admin/" "Mozilla/5.0 (Windows NT 10.0; Win64; x64) AppleWebKit/537.36 (KHTML, like Gecko) Chrome/58.0.3029.110 Safari/537.36"
192.168.1.49 - - [27/May/2017:21:38:13 +0200] "GET /wp/wp-admin/users.php HTTP/1.1" 200 33351 "http://192.168.1.49/wp/wp-admin/" "Mozilla/5.0 (Windows NT 10.0; Win64; x64) AppleWebKit/537.36 (KHTML, like Gecko) Chrome/58.0.3029.110 Safari/537.36"
192.168.1.49 - - [27/May/2017:21:38:13 +0200] "GET /wp/wp-admin/load-scripts.php?c=1&load%5B%5D=hoverIntent,common,admin-bar,svg-painter,heartbeat,wp-auth-check&ver=4.7.5 HTTP/1.1" 200 11952 "http://192.168.1.49/wp/wp-admin/users.php" "Mozilla/5.0 (Windows NT 10.0; Win64; x64) AppleWebKit/537.36 (KHTML, like Gecko) Chrome/58.0.3029.110 Safari/537.36"
192.168.1.49 - - [27/May/2017:21:38:15 +0200] "GET /wp/wp-admin/user-new.php HTTP/1.1" 200 28297 "http://192.168.1.49/wp/wp-admin/users.php" "Mozilla/5.0 (Windows NT 10.0; Win64; x64) AppleWebKit/537.36 (KHTML, like Gecko) Chrome/58.0.3029.110 Safari/537.36"
192.168.1.49 - - [27/May/2017:21:38:16 +0200] "GET /wp/wp-admin/load-scripts.php?c=1&load%5B%5D=jquery-core,jquery-migrate,utils,zxcvbn-async&ver=4.7.5 HTTP/1.1" 200 41643 "http://192.168.1.49/wp/wp-admin/user-new.php" "Mozilla/5.0 (Windows NT 10.0; Win64; x64) AppleWebKit/537.36 (KHTML, like Gecko) Chrome/58.0.3029.110 Safari/537.36"
192.168.1.49 - - [27/May/2017:21:38:16 +0200] "GET /wp/wp-admin/load-scripts.php?c=1&load%5B%5D=hoverIntent,common,admin-bar,wp-ajax-response,password-strength-meter,underscore,wp-util,user-profile,svg-painter,heartbeat,wp-a&load%5B%5D=uth-check&ver=4.7.5 HTTP/1.1" 200 21733 "http://192.168.1.49/wp/wp-admin/user-new.php" "Mozilla/5.0 (Windows NT 10.0; Win64; x64) AppleWebKit/537.36 (KHTML, like Gecko) Chrome/58.0.3029.110 Safari/537.36"
192.168.1.49 - - [27/May/2017:21:38:16 +0200] "GET /wp/wp-includes/js/zxcvbn.min.js HTTP/1.1" 200 698728 "http://192.168.1.49/wp/wp-admin/user-new.php" "Mozilla/5.0 (Windows NT 10.0; Win64; x64) AppleWebKit/537.36 (KHTML, like Gecko) Chrome/58.0.3029.110 Safari/537.36"
192.168.1.49 - - [27/May/2017:21:39:16 +0200] "POST /wp/wp-admin/admin-ajax.php HTTP/1.1" 200 47 "http://192.168.1.49/wp/wp-admin/user-new.php" "Mozilla/5.0 (Windows NT 10.0; Win64; x64) AppleWebKit/537.36 (KHTML, like Gecko) Chrome/58.0.3029.110 Safari/537.36"
192.168.1.49 - - [27/May/2017:21:39:15 +0200] "POST /wp/wp-admin/user-new.php HTTP/1.1" 302 - "http://192.168.1.49/wp/wp-admin/user-new.php" "Mozilla/5.0 (Windows NT 10.0; Win64; x64) AppleWebKit/537.36 (KHTML, like Gecko) Chrome/58.0.3029.110 Safari/537.36"
192.168.1.49 - - [27/May/2017:21:39:17 +0200] "GET /wp/wp-admin/users.php?update=add&id=2 HTTP/1.1" 200 35330 "http://192.168.1.49/wp/wp-admin/user-new.php" "Mozilla/5.0 (Windows NT 10.0; Win64; x64) AppleWebKit/537.36 (KHTML, like Gecko) Chrome/58.0.3029.110 Safari/537.36"
192.168.1.21 - - [27/May/2017:21:39:31 +0200] "POST /wp/wp-login.php HTTP/1.1" 200 2514 "http://dutton-pc/wp/wp-login.php" "Mozilla/5.0 (Windows NT 10.0; Win64; x64) AppleWebKit/537.36 (KHTML, like Gecko) Chrome/58.0.3029.110 Safari/537.36"
192.168.1.21 - - [27/May/2017:21:39:43 +0200] "POST /wp/wp-login.php HTTP/1.1" 200 3234 "http://192.168.1.49/wp/wp-login.php" "Mozilla/5.0 (Windows NT 10.0; Win64; x64) AppleWebKit/537.36 (KHTML, like Gecko) Chrome/58.0.3029.110 Safari/537.36"
192.168.1.21 - - [27/May/2017:21:39:54 +0200] "POST /wp/wp-login.php HTTP/1.1" 302 - "http://192.168.1.49/wp/wp-login.php" "Mozilla/5.0 (Windows NT 10.0; Win64; x64) AppleWebKit/537.36 (KHTML, like Gecko) Chrome/58.0.3029.110 Safari/537.36"
192.168.1.21 - - [27/May/2017:21:39:54 +0200] "GET /wp/wp-includes/js/thickbox/thickbox.css?ver=4.7.5 HTTP/1.1" 200 2655 "http://192.168.1.49/wp/wp-admin/" "Mozilla/5.0 (Windows NT 10.0; Win64; x64) AppleWebKit/537.36 (KHTML, like Gecko) Chrome/58.0.3029.110 Safari/537.36"
192.168.1.21 - - [27/May/2017:21:39:54 +0200] "GET /wp/wp-admin/load-scripts.php?c=1&load%5B%5D=jquery-core,jquery-migrate,utils&ver=4.7.5 HTTP/1.1" 200 41526 "http://192.168.1.49/wp/wp-admin/" "Mozilla/5.0 (Windows NT 10.0; Win64; x64) AppleWebKit/537.36 (KHTML, like Gecko) Chrome/58.0.3029.110 Safari/537.36"
192.168.1.21 - - [27/May/2017:21:39:54 +0200] "GET /wp/wp-admin/ HTTP/1.1" 200 51605 "http://192.168.1.49/wp/wp-login.php" "Mozilla/5.0 (Windows NT 10.0; Win64; x64) AppleWebKit/537.36 (KHTML, like Gecko) Chrome/58.0.3029.110 Safari/537.36"
192.168.1.21 - - [27/May/2017:21:39:54 +0200] "GET /wp/wp-admin/load-styles.php?c=1&dir=ltr&load%5B%5D=dashicons,admin-bar,common,forms,admin-menu,dashboard,list-tables,edit,revisions,media,themes,about,nav-menus,widgets,site-icon,&load%5B%5D=l10n,buttons,wp-auth-check&ver=4.7.5 HTTP/1.1" 200 91991 "http://192.168.1.49/wp/wp-admin/" "Mozilla/5.0 (Windows NT 10.0; Win64; x64) AppleWebKit/537.36 (KHTML, like Gecko) Chrome/58.0.3029.110 Safari/537.36"
192.168.1.21 - - [27/May/2017:21:39:54 +0200] "GET /wp/wp-includes/css/editor.min.css?ver=4.7.5 HTTP/1.1" 200 28111 "http://192.168.1.49/wp/wp-admin/" "Mozilla/5.0 (Windows NT 10.0; Win64; x64) AppleWebKit/537.36 (KHTML, like Gecko) Chrome/58.0.3029.110 Safari/537.36"
192.168.1.21 - - [27/May/2017:21:39:54 +0200] "GET /wp/wp-admin/load-scripts.php?c=1&load%5B%5D=hoverIntent,common,admin-bar,wp-ajax-response,jquery-color,wp-lists,quicktags,jquery-query,admin-comments,jquery-ui-core,jquery-&load%5B%5D=ui-widget,jquery-ui-mouse,jquery-ui-sortable,postbox,dashboard,underscore,customize-base,customize-loader,thickbox,plugin-instal&load%5B%5D=l,wp-util,wp-a11y,updates,shortcode,media-upload,svg-painter,heartbeat,wp-auth-check,wplink,jquery-ui-position,jquery-ui-menu,jq&load%5B%5D=uery-ui-autocomplete&ver=4.7.5 HTTP/1.1" 200 80196 "http://192.168.1.49/wp/wp-admin/" "Mozilla/5.0 (Windows NT 10.0; Win64; x64) AppleWebKit/537.36 (KHTML, like Gecko) Chrome/58.0.3029.110 Safari/537.36"
192.168.1.21 - - [27/May/2017:21:39:55 +0200] "GET /wp/wp-includes/js/thickbox/loadingAnimation.gif HTTP/1.1" 200 15238 "http://192.168.1.49/wp/wp-admin/" "Mozilla/5.0 (Windows NT 10.0; Win64; x64) AppleWebKit/537.36 (KHTML, like Gecko) Chrome/58.0.3029.110 Safari/537.36"
192.168.1.49 - - [27/May/2017:21:40:18 +0200] "POST /wp/wp-admin/admin-ajax.php HTTP/1.1" 200 47 "http://192.168.1.49/wp/wp-admin/users.php?id=2" "Mozilla/5.0 (Windows NT 10.0; Win64; x64) AppleWebKit/537.36 (KHTML, like Gecko) Chrome/58.0.3029.110 Safari/537.36"
192.168.1.21 - - [27/May/2017:21:40:55 +0200] "POST /wp/wp-admin/admin-ajax.php HTTP/1.1" 200 47 "http://192.168.1.49/wp/wp-admin/" "Mozilla/5.0 (Windows NT 10.0; Win64; x64) AppleWebKit/537.36 (KHTML, like Gecko) Chrome/58.0.3029.110 Safari/537.36"
192.168.1.49 - - [27/May/2017:21:41:18 +0200] "POST /wp/wp-admin/admin-ajax.php HTTP/1.1" 200 47 "http://192.168.1.49/wp/wp-admin/users.php?id=2" "Mozilla/5.0 (Windows NT 10.0; Win64; x64) AppleWebKit/537.36 (KHTML, like Gecko) Chrome/58.0.3029.110 Safari/537.36"
192.168.1.49 - - [27/May/2017:21:42:19 +0200] "POST /wp/wp-admin/admin-ajax.php HTTP/1.1" 200 47 "http://192.168.1.49/wp/wp-admin/users.php?id=2" "Mozilla/5.0 (Windows NT 10.0; Win64; x64) AppleWebKit/537.36 (KHTML, like Gecko) Chrome/58.0.3029.110 Safari/537.36"
192.168.1.21 - - [27/May/2017:21:42:56 +0200] "POST /wp/wp-admin/admin-ajax.php HTTP/1.1" 200 47 "http://192.168.1.49/wp/wp-admin/" "Mozilla/5.0 (Windows NT 10.0; Win64; x64) AppleWebKit/537.36 (KHTML, like Gecko) Chrome/58.0.3029.110 Safari/537.36"
192.168.1.49 - - [27/May/2017:21:43:20 +0200] "POST /wp/wp-admin/admin-ajax.php HTTP/1.1" 200 47 "http://192.168.1.49/wp/wp-admin/users.php?id=2" "Mozilla/5.0 (Windows NT 10.0; Win64; x64) AppleWebKit/537.36 (KHTML, like Gecko) Chrome/58.0.3029.110 Safari/537.36"
192.168.1.21 - - [27/May/2017:21:43:56 +0200] "POST /wp/wp-admin/admin-ajax.php HTTP/1.1" 200 47 "http://192.168.1.49/wp/wp-admin/" "Mozilla/5.0 (Windows NT 10.0; Win64; x64) AppleWebKit/537.36 (KHTML, like Gecko) Chrome/58.0.3029.110 Safari/537.36"
192.168.1.21 - - [27/May/2017:21:44:57 +0200] "POST /wp/wp-admin/admin-ajax.php HTTP/1.1" 200 47 "http://192.168.1.49/wp/wp-admin/" "Mozilla/5.0 (Windows NT 10.0; Win64; x64) AppleWebKit/537.36 (KHTML, like Gecko) Chrome/58.0.3029.110 Safari/537.36"
192.168.1.49 - - [27/May/2017:21:45:21 +0200] "POST /wp/wp-admin/admin-ajax.php HTTP/1.1" 200 47 "http://192.168.1.49/wp/wp-admin/users.php?id=2" "Mozilla/5.0 (Windows NT 10.0; Win64; x64) AppleWebKit/537.36 (KHTML, like Gecko) Chrome/58.0.3029.110 Safari/537.36"
192.168.1.21 - - [27/May/2017:21:45:58 +0200] "POST /wp/wp-admin/admin-ajax.php HTTP/1.1" 200 47 "http://192.168.1.49/wp/wp-admin/" "Mozilla/5.0 (Windows NT 10.0; Win64; x64) AppleWebKit/537.36 (KHTML, like Gecko) Chrome/58.0.3029.110 Safari/537.36"
192.168.1.49 - - [27/May/2017:21:47:22 +0200] "POST /wp/wp-admin/admin-ajax.php HTTP/1.1" 200 47 "http://192.168.1.49/wp/wp-admin/users.php?id=2" "Mozilla/5.0 (Windows NT 10.0; Win64; x64) AppleWebKit/537.36 (KHTML, like Gecko) Chrome/58.0.3029.110 Safari/537.36"
192.168.1.21 - - [27/May/2017:21:47:59 +0200] "POST /wp/wp-admin/admin-ajax.php HTTP/1.1" 200 47 "http://192.168.1.49/wp/wp-admin/" "Mozilla/5.0 (Windows NT 10.0; Win64; x64) AppleWebKit/537.36 (KHTML, like Gecko) Chrome/58.0.3029.110 Safari/537.36"
192.168.1.49 - - [27/May/2017:21:49:23 +0200] "POST /wp/wp-admin/admin-ajax.php HTTP/1.1" 200 47 "http://192.168.1.49/wp/wp-admin/users.php?id=2" "Mozilla/5.0 (Windows NT 10.0; Win64; x64) AppleWebKit/537.36 (KHTML, like Gecko) Chrome/58.0.3029.110 Safari/537.36"
192.168.1.21 - - [27/May/2017:21:50:00 +0200] "POST /wp/wp-admin/admin-ajax.php HTTP/1.1" 200 47 "http://192.168.1.49/wp/wp-admin/" "Mozilla/5.0 (Windows NT 10.0; Win64; x64) AppleWebKit/537.36 (KHTML, like Gecko) Chrome/58.0.3029.110 Safari/537.36"
192.168.1.49 - - [27/May/2017:21:51:24 +0200] "POST /wp/wp-admin/admin-ajax.php HTTP/1.1" 200 47 "http://192.168.1.49/wp/wp-admin/users.php?id=2" "Mozilla/5.0 (Windows NT 10.0; Win64; x64) AppleWebKit/537.36 (KHTML, like Gecko) Chrome/58.0.3029.110 Safari/537.36"
192.168.1.21 - - [27/May/2017:21:52:01 +0200] "POST /wp/wp-admin/admin-ajax.php HTTP/1.1" 200 47 "http://192.168.1.49/wp/wp-admin/" "Mozilla/5.0 (Windows NT 10.0; Win64; x64) AppleWebKit/537.36 (KHTML, like Gecko) Chrome/58.0.3029.110 Safari/537.36"
192.168.1.21 - - [27/May/2017:21:54:02 +0200] "POST /wp/wp-admin/admin-ajax.php HTTP/1.1" 200 47 "http://192.168.1.49/wp/wp-admin/" "Mozilla/5.0 (Windows NT 10.0; Win64; x64) AppleWebKit/537.36 (KHTML, like Gecko) Chrome/58.0.3029.110 Safari/537.36"
192.168.1.49 - - [27/May/2017:21:54:15 +0200] "POST /wp/wp-admin/admin-ajax.php HTTP/1.1" 200 47 "http://192.168.1.49/wp/wp-admin/users.php?id=2" "Mozilla/5.0 (Windows NT 10.0; Win64; x64) AppleWebKit/537.36 (KHTML, like Gecko) Chrome/58.0.3029.110 Safari/537.36"
192.168.1.49 - - [27/May/2017:21:54:18 +0200] "GET /wp/wp-login.php?action=logout&_wpnonce=5287df1e54 HTTP/1.1" 302 - "http://192.168.1.49/wp/wp-admin/users.php?id=2" "Mozilla/5.0 (Windows NT 10.0; Win64; x64) AppleWebKit/537.36 (KHTML, like Gecko) Chrome/58.0.3029.110 Safari/537.36"
192.168.1.49 - - [27/May/2017:21:54:19 +0200] "GET /wp/wp-login.php?loggedout=true HTTP/1.1" 200 2515 "http://192.168.1.49/wp/wp-admin/users.php?id=2" "Mozilla/5.0 (Windows NT 10.0; Win64; x64) AppleWebKit/537.36 (KHTML, like Gecko) Chrome/58.0.3029.110 Safari/537.36"
::1 - - [27/May/2017:23:16:35 +0200] "GET /wp/wp-admin/ HTTP/1.1" 302 - "-" "Mozilla/5.0 (Windows NT 10.0; Win64; x64) AppleWebKit/537.36 (KHTML, like Gecko) Chrome/58.0.3029.110 Safari/537.36"
192.168.1.49 - - [27/May/2017:23:16:35 +0200] "GET /wp/wp-login.php?redirect_to=http%3A%2F%2Flocalhost%2Fwp%2Fwp-admin%2F&reauth=1 HTTP/1.1" 200 2230 "-" "Mozilla/5.0 (Windows NT 10.0; Win64; x64) AppleWebKit/537.36 (KHTML, like Gecko) Chrome/58.0.3029.110 Safari/537.36"
192.168.1.49 - - [27/May/2017:23:16:44 +0200] "POST /wp/wp-login.php HTTP/1.1" 302 - "http://192.168.1.49/wp/wp-login.php?redirect_to=http%3A%2F%2Flocalhost%2Fwp%2Fwp-admin%2F&reauth=1" "Mozilla/5.0 (Windows NT 10.0; Win64; x64) AppleWebKit/537.36 (KHTML, like Gecko) Chrome/58.0.3029.110 Safari/537.36"
::1 - - [27/May/2017:23:16:45 +0200] "GET /wp/wp-admin/ HTTP/1.1" 302 - "http://192.168.1.49/wp/wp-login.php?redirect_to=http%3A%2F%2Flocalhost%2Fwp%2Fwp-admin%2F&reauth=1" "Mozilla/5.0 (Windows NT 10.0; Win64; x64) AppleWebKit/537.36 (KHTML, like Gecko) Chrome/58.0.3029.110 Safari/537.36"
192.168.1.49 - - [27/May/2017:23:16:45 +0200] "GET /wp/wp-login.php?redirect_to=http%3A%2F%2Flocalhost%2Fwp%2Fwp-admin%2F&reauth=1 HTTP/1.1" 200 2249 "http://192.168.1.49/wp/wp-login.php?redirect_to=http%3A%2F%2Flocalhost%2Fwp%2Fwp-admin%2F&reauth=1" "Mozilla/5.0 (Windows NT 10.0; Win64; x64) AppleWebKit/537.36 (KHTML, like Gecko) Chrome/58.0.3029.110 Safari/537.36"
::1 - - [27/May/2017:23:16:50 +0200] "GET / HTTP/1.1" 302 - "-" "Mozilla/5.0 (Windows NT 10.0; Win64; x64) AppleWebKit/537.36 (KHTML, like Gecko) Chrome/58.0.3029.110 Safari/537.36"
::1 - - [27/May/2017:23:16:50 +0200] "GET /dashboard/ HTTP/1.1" 200 7577 "-" "Mozilla/5.0 (Windows NT 10.0; Win64; x64) AppleWebKit/537.36 (KHTML, like Gecko) Chrome/58.0.3029.110 Safari/537.36"
::1 - - [27/May/2017:23:16:50 +0200] "GET /dashboard/stylesheets/normalize.css HTTP/1.1" 200 6876 "http://localhost/dashboard/" "Mozilla/5.0 (Windows NT 10.0; Win64; x64) AppleWebKit/537.36 (KHTML, like Gecko) Chrome/58.0.3029.110 Safari/537.36"
::1 - - [27/May/2017:23:16:50 +0200] "GET /dashboard/stylesheets/all.css HTTP/1.1" 200 486212 "http://localhost/dashboard/" "Mozilla/5.0 (Windows NT 10.0; Win64; x64) AppleWebKit/537.36 (KHTML, like Gecko) Chrome/58.0.3029.110 Safari/537.36"
::1 - - [27/May/2017:23:16:50 +0200] "GET /dashboard/javascripts/modernizr.js HTTP/1.1" 200 51365 "http://localhost/dashboard/" "Mozilla/5.0 (Windows NT 10.0; Win64; x64) AppleWebKit/537.36 (KHTML, like Gecko) Chrome/58.0.3029.110 Safari/537.36"
::1 - - [27/May/2017:23:16:50 +0200] "GET /dashboard/javascripts/all.js HTTP/1.1" 200 189973 "http://localhost/dashboard/" "Mozilla/5.0 (Windows NT 10.0; Win64; x64) AppleWebKit/537.36 (KHTML, like Gecko) Chrome/58.0.3029.110 Safari/537.36"
::1 - - [27/May/2017:23:16:50 +0200] "GET /dashboard/images/xampp-logo.svg HTTP/1.1" 200 5427 "http://localhost/dashboard/" "Mozilla/5.0 (Windows NT 10.0; Win64; x64) AppleWebKit/537.36 (KHTML, like Gecko) Chrome/58.0.3029.110 Safari/537.36"
::1 - - [27/May/2017:23:16:50 +0200] "GET /dashboard/images/fastly-logo.png HTTP/1.1" 200 1770 "http://localhost/dashboard/" "Mozilla/5.0 (Windows NT 10.0; Win64; x64) AppleWebKit/537.36 (KHTML, like Gecko) Chrome/58.0.3029.110 Safari/537.36"
::1 - - [27/May/2017:23:16:50 +0200] "GET /dashboard/images/bitnami-xampp.png HTTP/1.1" 200 22133 "http://localhost/dashboard/" "Mozilla/5.0 (Windows NT 10.0; Win64; x64) AppleWebKit/537.36 (KHTML, like Gecko) Chrome/58.0.3029.110 Safari/537.36"
::1 - - [27/May/2017:23:16:50 +0200] "GET /dashboard/images/social-icons.png HTTP/1.1" 200 3361 "http://localhost/dashboard/stylesheets/all.css" "Mozilla/5.0 (Windows NT 10.0; Win64; x64) AppleWebKit/537.36 (KHTML, like Gecko) Chrome/58.0.3029.110 Safari/537.36"
::1 - - [27/May/2017:23:16:51 +0200] "GET /dashboard/images/favicon.png HTTP/1.1" 200 2508 "http://localhost/dashboard/" "Mozilla/5.0 (Windows NT 10.0; Win64; x64) AppleWebKit/537.36 (KHTML, like Gecko) Chrome/58.0.3029.110 Safari/537.36"
::1 - - [27/May/2017:23:16:53 +0200] "GET /wp/ HTTP/1.1" 200 51654 "-" "Mozilla/5.0 (Windows NT 10.0; Win64; x64) AppleWebKit/537.36 (KHTML, like Gecko) Chrome/58.0.3029.110 Safari/537.36"
::1 - - [27/May/2017:23:16:57 +0200] "GET /wp/wp-admin/ HTTP/1.1" 302 - "-" "Mozilla/5.0 (Windows NT 10.0; Win64; x64) AppleWebKit/537.36 (KHTML, like Gecko) Chrome/58.0.3029.110 Safari/537.36"
192.168.1.49 - - [27/May/2017:23:16:57 +0200] "GET /wp/wp-login.php?redirect_to=http%3A%2F%2Flocalhost%2Fwp%2Fwp-admin%2F&reauth=1 HTTP/1.1" 200 2230 "-" "Mozilla/5.0 (Windows NT 10.0; Win64; x64) AppleWebKit/537.36 (KHTML, like Gecko) Chrome/58.0.3029.110 Safari/537.36"
192.168.1.49 - - [27/May/2017:23:17:02 +0200] "POST /wp/wp-login.php HTTP/1.1" 302 - "http://192.168.1.49/wp/wp-login.php?redirect_to=http%3A%2F%2Flocalhost%2Fwp%2Fwp-admin%2F&reauth=1" "Mozilla/5.0 (Windows NT 10.0; Win64; x64) AppleWebKit/537.36 (KHTML, like Gecko) Chrome/58.0.3029.110 Safari/537.36"
::1 - - [27/May/2017:23:17:03 +0200] "GET /wp/wp-admin/ HTTP/1.1" 302 - "http://192.168.1.49/wp/wp-login.php?redirect_to=http%3A%2F%2Flocalhost%2Fwp%2Fwp-admin%2F&reauth=1" "Mozilla/5.0 (Windows NT 10.0; Win64; x64) AppleWebKit/537.36 (KHTML, like Gecko) Chrome/58.0.3029.110 Safari/537.36"
192.168.1.49 - - [27/May/2017:23:17:03 +0200] "GET /wp/wp-login.php?redirect_to=http%3A%2F%2Flocalhost%2Fwp%2Fwp-admin%2F&reauth=1 HTTP/1.1" 200 2249 "http://192.168.1.49/wp/wp-login.php?redirect_to=http%3A%2F%2Flocalhost%2Fwp%2Fwp-admin%2F&reauth=1" "Mozilla/5.0 (Windows NT 10.0; Win64; x64) AppleWebKit/537.36 (KHTML, like Gecko) Chrome/58.0.3029.110 Safari/537.36"
192.168.1.49 - - [27/May/2017:23:17:07 +0200] "POST /wp/wp-login.php HTTP/1.1" 302 - "http://192.168.1.49/wp/wp-login.php?redirect_to=http%3A%2F%2Flocalhost%2Fwp%2Fwp-admin%2F&reauth=1" "Mozilla/5.0 (Windows NT 10.0; Win64; x64) AppleWebKit/537.36 (KHTML, like Gecko) Chrome/58.0.3029.110 Safari/537.36"
::1 - - [27/May/2017:23:17:07 +0200] "GET /wp/wp-admin/ HTTP/1.1" 302 - "http://192.168.1.49/wp/wp-login.php?redirect_to=http%3A%2F%2Flocalhost%2Fwp%2Fwp-admin%2F&reauth=1" "Mozilla/5.0 (Windows NT 10.0; Win64; x64) AppleWebKit/537.36 (KHTML, like Gecko) Chrome/58.0.3029.110 Safari/537.36"
192.168.1.49 - - [27/May/2017:23:17:08 +0200] "GET /wp/wp-login.php?redirect_to=http%3A%2F%2Flocalhost%2Fwp%2Fwp-admin%2F&reauth=1 HTTP/1.1" 200 2249 "http://192.168.1.49/wp/wp-login.php?redirect_to=http%3A%2F%2Flocalhost%2Fwp%2Fwp-admin%2F&reauth=1" "Mozilla/5.0 (Windows NT 10.0; Win64; x64) AppleWebKit/537.36 (KHTML, like Gecko) Chrome/58.0.3029.110 Safari/537.36"
192.168.1.49 - - [27/May/2017:23:17:16 +0200] "GET /wp-admin/ HTTP/1.1" 404 1057 "-" "Mozilla/5.0 (Windows NT 10.0; Win64; x64) AppleWebKit/537.36 (KHTML, like Gecko) Chrome/58.0.3029.110 Safari/537.36"
192.168.1.49 - - [27/May/2017:23:17:24 +0200] "GET /wp/wp-admin/ HTTP/1.1" 302 - "-" "Mozilla/5.0 (Windows NT 10.0; Win64; x64) AppleWebKit/537.36 (KHTML, like Gecko) Chrome/58.0.3029.110 Safari/537.36"
192.168.1.49 - - [27/May/2017:23:17:24 +0200] "GET /wp/wp-login.php?redirect_to=http%3A%2F%2F192.168.1.49%2Fwp%2Fwp-admin%2F&reauth=1 HTTP/1.1" 200 2233 "-" "Mozilla/5.0 (Windows NT 10.0; Win64; x64) AppleWebKit/537.36 (KHTML, like Gecko) Chrome/58.0.3029.110 Safari/537.36"
192.168.1.49 - - [27/May/2017:23:17:31 +0200] "POST /wp/wp-login.php HTTP/1.1" 302 - "http://192.168.1.49/wp/wp-login.php?redirect_to=http%3A%2F%2F192.168.1.49%2Fwp%2Fwp-admin%2F&reauth=1" "Mozilla/5.0 (Windows NT 10.0; Win64; x64) AppleWebKit/537.36 (KHTML, like Gecko) Chrome/58.0.3029.110 Safari/537.36"
192.168.1.49 - - [27/May/2017:23:17:31 +0200] "GET /wp/wp-admin/ HTTP/1.1" 200 51553 "http://192.168.1.49/wp/wp-login.php?redirect_to=http%3A%2F%2F192.168.1.49%2Fwp%2Fwp-admin%2F&reauth=1" "Mozilla/5.0 (Windows NT 10.0; Win64; x64) AppleWebKit/537.36 (KHTML, like Gecko) Chrome/58.0.3029.110 Safari/537.36"
192.168.1.49 - - [27/May/2017:23:17:36 +0200] "GET /wp/wp-admin/plugins.php HTTP/1.1" 200 39782 "http://192.168.1.49/wp/wp-admin/" "Mozilla/5.0 (Windows NT 10.0; Win64; x64) AppleWebKit/537.36 (KHTML, like Gecko) Chrome/58.0.3029.110 Safari/537.36"
192.168.1.49 - - [27/May/2017:23:17:37 +0200] "GET /wp/wp-admin/images/spinner.gif HTTP/1.1" 200 4162 "http://192.168.1.49/wp/wp-admin/load-styles.php?c=1&dir=ltr&load%5B%5D=dashicons,admin-bar,common,forms,admin-menu,dashboard,list-tables,edit,revisions,media,themes,about,nav-menus,widgets,site-icon,&load%5B%5D=l10n,buttons,wp-auth-check&ver=4.7.5" "Mozilla/5.0 (Windows NT 10.0; Win64; x64) AppleWebKit/537.36 (KHTML, like Gecko) Chrome/58.0.3029.110 Safari/537.36"
192.168.1.49 - - [27/May/2017:23:17:37 +0200] "GET /wp/wp-admin/load-scripts.php?c=1&load%5B%5D=hoverIntent,common,admin-bar,underscore,wp-util,wp-a11y,updates,jquery-ui-core,thickbox,plugin-install,svg-painter,heartbeat,wp-&load%5B%5D=auth-check&ver=4.7.5 HTTP/1.1" 200 33459 "http://192.168.1.49/wp/wp-admin/plugins.php" "Mozilla/5.0 (Windows NT 10.0; Win64; x64) AppleWebKit/537.36 (KHTML, like Gecko) Chrome/58.0.3029.110 Safari/537.36"
192.168.1.49 - - [27/May/2017:23:17:40 +0200] "GET /wp/wp-admin/plugin-install.php HTTP/1.1" 200 67446 "http://192.168.1.49/wp/wp-admin/plugins.php" "Mozilla/5.0 (Windows NT 10.0; Win64; x64) AppleWebKit/537.36 (KHTML, like Gecko) Chrome/58.0.3029.110 Safari/537.36"
192.168.1.49 - - [27/May/2017:23:17:42 +0200] "GET /wp/wp-admin/load-scripts.php?c=1&load%5B%5D=hoverIntent,common,admin-bar,jquery-ui-core,thickbox,plugin-install,underscore,wp-util,wp-a11y,updates,svg-painter,heartbeat,wp-&load%5B%5D=auth-check&ver=4.7.5 HTTP/1.1" 200 33390 "http://192.168.1.49/wp/wp-admin/plugin-install.php" "Mozilla/5.0 (Windows NT 10.0; Win64; x64) AppleWebKit/537.36 (KHTML, like Gecko) Chrome/58.0.3029.110 Safari/537.36"
192.168.1.49 - - [27/May/2017:23:17:49 +0200] "POST /wp/wp-admin/admin-ajax.php HTTP/1.1" 200 17423 "http://192.168.1.49/wp/wp-admin/plugin-install.php?s=dup&tab=search&type=term" "Mozilla/5.0 (Windows NT 10.0; Win64; x64) AppleWebKit/537.36 (KHTML, like Gecko) Chrome/58.0.3029.110 Safari/537.36"
192.168.1.49 - - [27/May/2017:23:17:47 +0200] "POST /wp/wp-admin/admin-ajax.php HTTP/1.1" 200 151094 "http://192.168.1.49/wp/wp-admin/plugin-install.php?s=du&tab=search&type=term" "Mozilla/5.0 (Windows NT 10.0; Win64; x64) AppleWebKit/537.36 (KHTML, like Gecko) Chrome/58.0.3029.110 Safari/537.36"
192.168.1.49 - - [27/May/2017:23:17:51 +0200] "POST /wp/wp-admin/admin-ajax.php HTTP/1.1" 200 208047 "http://192.168.1.49/wp/wp-admin/plugin-install.php?s=duplicate&tab=search&type=term" "Mozilla/5.0 (Windows NT 10.0; Win64; x64) AppleWebKit/537.36 (KHTML, like Gecko) Chrome/58.0.3029.110 Safari/537.36"
192.168.1.49 - - [27/May/2017:23:18:23 +0200] "POST /wp/wp-admin/admin-ajax.php HTTP/1.1" 200 260 "http://192.168.1.49/wp/wp-admin/plugin-install.php?s=duplicate&tab=search&type=term" "Mozilla/5.0 (Windows NT 10.0; Win64; x64) AppleWebKit/537.36 (KHTML, like Gecko) Chrome/58.0.3029.110 Safari/537.36"
192.168.1.49 - - [27/May/2017:23:18:32 +0200] "GET /wp/wp-admin/plugins.php HTTP/1.1" 200 41690 "http://192.168.1.49/wp/wp-admin/plugin-install.php?s=duplicate&tab=search&type=term" "Mozilla/5.0 (Windows NT 10.0; Win64; x64) AppleWebKit/537.36 (KHTML, like Gecko) Chrome/58.0.3029.110 Safari/537.36"
192.168.1.49 - - [27/May/2017:23:18:37 +0200] "GET /wp/wp-admin/plugins.php?action=activate&plugin=duplicator%2Fduplicator.php&plugin_status=all&paged=1&s&_wpnonce=ea5b55f72d HTTP/1.1" 302 - "http://192.168.1.49/wp/wp-admin/plugins.php" "Mozilla/5.0 (Windows NT 10.0; Win64; x64) AppleWebKit/537.36 (KHTML, like Gecko) Chrome/58.0.3029.110 Safari/537.36"
192.168.1.49 - - [27/May/2017:23:18:38 +0200] "GET /wp/wp-admin/plugins.php?activate=true&plugin_status=all&paged=1&s= HTTP/1.1" 200 44550 "http://192.168.1.49/wp/wp-admin/plugins.php" "Mozilla/5.0 (Windows NT 10.0; Win64; x64) AppleWebKit/537.36 (KHTML, like Gecko) Chrome/58.0.3029.110 Safari/537.36"
::1 - - [28/May/2017:00:27:56 +0200] "GET /wp/installer.php HTTP/1.1" 200 109088 "-" "Mozilla/5.0 (Windows NT 10.0; Win64; x64) AppleWebKit/537.36 (KHTML, like Gecko) Chrome/58.0.3029.110 Safari/537.36"
::1 - - [28/May/2017:00:27:59 +0200] "POST /wp/installer.php HTTP/1.1" 200 10 "http://localhost/wp/installer.php" "Mozilla/5.0 (Windows NT 10.0; Win64; x64) AppleWebKit/537.36 (KHTML, like Gecko) Chrome/58.0.3029.110 Safari/537.36"
::1 - - [28/May/2017:00:28:32 +0200] "POST /wp/installer.php HTTP/1.1" 200 101013 "http://localhost/wp/installer.php" "Mozilla/5.0 (Windows NT 10.0; Win64; x64) AppleWebKit/537.36 (KHTML, like Gecko) Chrome/58.0.3029.110 Safari/537.36"
